命令稿啟動於 2018年03月12日 上午 10:58:20
]0;~/lab1

[32muser@DESKTOP-GRPQ3EU [33m~/lab1[0m

$ vim lab1.cpp
[?2004h[?1049h[?1h=[?2004h[1;24r[?12h[?12l[27m[23m[29m[m[H[2J[?25l[24;1H"lab1.cpp" 58L, 876C[2;1H▽[6n[2;1H  [1;1H[>c]10;?]11;?[1;1H[34m//a program about Colltaz Sequence[m

[35m#include [m[31m<iostream>[m
[33musing[m [32mnamespace[m std;

[32mclass[m Collatz{
[33mpublic[m:[8;9H[32mvoid[m title([32mvoid[m)[9;9H{[10;17Hcout << [31m"Please enter a postive integer:"[m ;[11;9H}[13;9H[34m//use recursive function to do the calculate[m[14;9H[32mint[m calculate([32mint[m number)[15;9H{[16;17H[33mif[m (number == [31m1[m){[17;25Hcout << number << [31m"[m[35m\n[m[31mEnd the program"[m << endl;[18;25H[33mreturn[m [31m0[m;[19;17H}[20;17H[33melse[m{[21;25H[33mif[m (number % [31m2[m == [31m0[m){[22;33Hcout << number<<[31m' '[m;[23;33Hnumber /= [31m2[m;[24;63H1,1[10C頂端[1;1H[?25h[27m[23m[29m[m[H[2J[?25l[1;1H[1m[36m//a program about Colltaz Sequence[m

[1m[34m#include [m[1m[35m<iostream>[m
[1m[33musing[m [1m[32mnamespace[m std;

[1m[32mclass[m Collatz{
[1m[33mpublic[m:[8;9H[1m[32mvoid[m title([1m[32mvoid[m)[9;9H{[10;17Hcout << [1m[35m"Please enter a postive integer:"[m ;[11;9H}[13;9H[1m[36m//use recursive function to do the calculate[m[14;9H[1m[32mint[m calculate([1m[32mint[m number)[15;9H{[16;17H[1m[33mif[m (number == [1m[35m1[m){[17;25Hcout << number << [1m[35m"[m[1m[31m\n[m[1m[35mEnd the program"[m << endl;[18;25H[1m[33mreturn[m [1m[35m0[m;[19;17H}[20;17H[1m[33melse[m{[21;25H[1m[33mif[m (number % [1m[35m2[m == [1m[35m0[m){[22;33Hcout << number<<[1m[35m' '[m;[23;33Hnumber /= [1m[35m2[m;[24;63H1,1[10C頂端
"lab1.cpp" 58L, 876C[1;1H[?25h[?25l[24;63H2[2;1H[?25h[?25l[24;63H3[3;1H[?25h[?25l[24;53H~@k[3;1H[24;53H   [4;1H[24;63H4[4;1H[?25h[?25l[24;63H5,0-1[5;1H[?25h[?25l[24;63H6,1  [6;1H[?25h[?25l[24;53H~@k[6;1H[24;53H   [7;1H[24;63H7[7;1H[?25h[?25l[24;63H8,1-8[8;8H[?25h[?25l[24;63H9[9;8H[?25h[?25l[24;53H~@k[9;8H[24;53H   [10;8H[24;63H10,1-8[10;8H[?25h[?25l[24;64H1[11;8H[?25h[?25l[24;64H2,0-1[12;1H[?25h[?25l[24;53H~@k[12;1H[24;53H   [13;8H[24;64H3,1-8[13;8H[?25h[?25l[24;64H4[14;8H[?25h[?25l[24;64H5[15;8H[?25h[?25l[24;53H~@k[15;8H[24;53H   [16;8H[24;64H6[16;8H[?25h[?25l[24;64H7[17;8H[?25h[?25l[24;64H8[18;8H[?25h[?25l[24;53H~@k[18;8H[24;53H   [18;8H[1;23r[23;1H
[1;24r[23;33Hcalculate(number);[24;1H[K[24;63H19,1-8[9C2%[18;8H[?25h[?25l[1;23r[23;1H
[1;24r[23;25H}[24;63H[K[24;63H20,1-8[9C5%[18;8H[?25h[?25l[1;23r[23;1H
[1;24r[23;25H[1m[33melse[m{[24;63H[K[24;63H21,1-8[9C8%[18;8H[?25h[?25l[24;53H~@k[18;8H[24;53H   [18;8H[1;23r[23;1H
[1;24r[23;33Hcout << number<<[1m[35m' '[m;[24;63H[K[24;63H22,1-8[8C11%[18;8H[?25h[?25l[1;23r[23;1H
[1;24r[23;33Hnumber = number * [1m[35m3[m + [1m[35m1[m;[24;63H[K[24;63H23,1-8[8C14%[18;8H[?25h[?25l[1;23r[23;1H
[1;24r[23;33Hcalculate(number);[24;63H[K[24;63H24,1-8[8C17%[18;8H[?25h[?25l[24;53H~@k[18;8H[24;53H   [18;8H[1;23r[23;1H
[1;24r[23;25H}[24;63H[K[24;63H25,1-8[8C20%[18;8H[?25h[?25l[1;23r[23;1H
[1;24r[23;17H}[24;63H[K[24;63H26,1-8[8C22%[18;8H[?25h[?25l[1;23r[23;1H
[1;24r[23;9H}[24;63H[K[24;63H27,1-8[8C25%[18;8H[?25h[?25l[24;53H~@k[18;8H[24;53H   [18;8H[1;23r[23;1H
[1;24r[24;63H[K[24;63H28,1-8[8C28%[18;8H[?25h[?25l[1;23r[23;1H
[1;24r[23;9H[1m[32mvoid[m warning([1m[32mvoid[m){[24;63H[K[24;63H29,1-8[8C31%[18;8H[?25h[?25l[1;23r[23;1H
[1;24r[23;17Hcout << [1m[35m"The number can't be 0 or negative number "[m << endl;[24;63H[K[24;63H30,1-8[8C34%[18;8H[?25h[?25l[24;53H~@k[18;8H[24;53H   [18;8H[1;23r[23;1H
[1;24r[23;9H}[24;63H[K[24;63H31,1-8[8C37%[18;8H[?25h[?25l[1;23r[23;1H
[1;24r[23;1H};[24;63H[K[24;63H32,1-8[8C40%[18;8H[?25h[?25l[1;23r[23;1H
[1;24r[24;63H[K[24;63H33,0-1[8C42%[18;1H[?25h[?25l[24;53H~@k[18;1H[24;53H   [18;8H[1;23r[23;1H
[1;24r[23;1H[1m[32mint[m main([1m[32mvoid[m)[24;63H[K[24;63H34,1-8[8C45%[18;8H[?25h[?25l[24;64H3,0-1[17;1H[?25h[?25l[24;64H2,1-8[16;8H[?25h[?25l[24;64H1[15;8H[?25h[?25l[24;64H0[14;8H[?25h[?25l[24;63H29[13;8H[?25h[?25l[24;53H~@k[13;8H[24;53H   [12;8H[24;64H8[12;8H[?25h[?25l[24;64H7[11;8H[?25h[?25l[24;64H6[10;8H[?25h[?25l[24;53H~@k[10;8H[24;53H   [9;8H[24;64H5[9;8H[?25h[?25l[24;64H4[8;8H[?25h[?25l[24;64H3[7;8H[?25h[?25l[24;53H~@k[7;8H[24;53H   [6;8H[24;64H2[6;8H[?25h[?25l[1;23r[1;1H[L[1;24r[1;17H[1m[33mif[m (number == [1m[35m1[m){[24;63H[K[24;63H21,1-8[8C42%[6;8H[?25h[?25l[1;23r[1;1H[L[1;24r[1;9H{[24;63H[K[24;63H20,1-8[8C40%[6;8H[?25h[?25l[24;53H~@k[6;8H[24;53H   [6;8H[1;23r[1;1H[L[1;24r[1;9H[1m[32mint[m calculate([1m[32mint[m number)[24;63H[K[24;63H19,1-8[8C37%[6;8H[?25h[?25l[1;23r[1;1H[L[1;24r[1;9H[1m[36m//use recursive function to do the calculate[m[24;63H[K[24;63H18,1-8[8C34%[6;8H[?25h[?25l[1;23r[1;1H[L[1;24r[24;63H[K[24;63H17,1-8[8C31%[6;8H[?25h[?25l[24;53H~@k[6;8H[24;53H   [6;8H[1;23r[1;1H[L[1;24r[1;9H}[24;63H[K[24;63H16,1-8[8C28%[6;8H[?25h[?25l[1;23r[1;1H[L[1;24r[1;17Hcout << [1m[35m"Please enter a postive integer:"[m ;[24;63H[K[24;63H15,1-8[8C25%[6;8H[?25h[?25l[1;23r[1;1H[L[1;24r[1;9H{[24;63H[K[24;63H14,1-8[8C22%[6;8H[?25h[?25l[24;53H~@k[6;8H[24;53H   [6;8H[1;23r[1;1H[L[1;24r[1;9H[1m[32mvoid[m title([1m[32mvoid[m)[24;63H[K[24;63H13,1-8[8C20%[6;8H[?25h[?25l[24;64H4[7;8H[?25h[?25l[24;64H5[8;8H[?25h[?25l[24;53H~@k[8;8H[24;53H   [9;8H[24;64H6[9;8H[?25h[?25l[24;64H7[10;8H[?25h[?25l[24;64H8[11;8H[?25h[?25l[24;53H~@k[11;8H[24;53H   [12;8H[24;64H9[12;8H[?25h[?25l[24;63H20[13;8H[?25h[?25l[24;64H1[14;8H[?25h[?25l[24;53H~@k[14;8H[24;53H   [15;8H[24;64H2[15;8H[?25h[?25l[24;64H3[16;8H[?25h[?25l[24;64H4[17;8H[?25h[?25l[24;53H~@k[17;8H[24;53H   [18;8H[24;64H5[18;8H[?25h[?25l[1;23r[23;1H
[1;24r[23;17H}[24;63H[K[24;63H26,1-8[8C22%[18;8H[?25h[?25l[1;23r[23;1H
[1;24r[23;9H}[24;63H[K[24;63H27,1-8[8C25%[18;8H[?25h[?25l[24;53H~@k[18;8H[24;53H   [18;8H[1;23r[23;1H
[1;24r[24;63H[K[24;63H28,1-8[8C28%[18;8H[?25h[?25l[1;23r[23;1H
[1;24r[23;9H[1m[32mvoid[m warning([1m[32mvoid[m){[24;63H[K[24;63H29,1-8[8C31%[18;8H[?25h[?25l[1;23r[23;1H
[1;24r[23;17Hcout << [1m[35m"The number can't be 0 or negative number "[m << endl;[24;63H[K[24;63H30,1-8[8C34%[18;8H[?25h[?25l[24;53H~@k[18;8H[24;53H   [18;8H[1;23r[23;1H
[1;24r[23;9H}[24;63H[K[24;63H31,1-8[8C37%[18;8H[?25h[?25l[1;23r[23;1H
[1;24r[23;1H};[24;63H[K[24;63H32,1-8[8C40%[18;8H[?25h[?25l[1;23r[23;1H
[1;24r[24;63H[K[24;63H33,0-1[8C42%[18;1H[?25h[?25l[24;53H~@k[18;1H[24;53H   [18;8H[1;23r[23;1H
[1;24r[23;1H[1m[32mint[m main([1m[32mvoid[m)[24;63H[K[24;63H34,1-8[8C45%[18;8H[?25h[?25l[24;53H~@k[18;8H[24;53H   [17;1H[24;64H3,0-1[17;1H[?25h[?25l[24;53Hi[17;1H[24;53H [17;1H[24;1H[1m-- 插入 --[m[24;63H[K[24;63H33,1[10C45%[17;1H[?25h[?25l[18;23r[18;1H[L[1;24r[24;63H[K[24;63H34,2-9[8C44%[18;9H[?25h[?25l/[24;66H3-10[18;10H[?25h[?25l[1m[36m//[m[24;66H4-11[18;11H[?25h[?25l[1m[36me[m[24;66H5-12[18;12H[?25h[?25l[1m[36mr[m[24;66H6-13[18;13H[?25h[?25l[1m[36mr[m[24;66H7-14[18;14H[?25h[?25l[1m[36mo[m[24;66H8-15[18;15H[?25h[?25l[1m[36mr[m[24;66H9-16[18;16H[?25h[?25l[1m[36m [m[24;66H10-17[18;17H[?25h[?25l[1m[36mm[m[24;67H1-18[18;18H[?25h[?25l[1m[36me[m[24;67H2-19[18;19H[?25h[?25l[1m[36ms[m[24;67H3-20[18;20H[?25h[?25l[1m[36ms[m[24;67H4-21[18;21H[?25h[?25l[1m[36ma[m[24;67H5-22[18;22H[?25h[?25l[1m[36mg[m[24;67H6-23[18;23H[?25h[?25l[1m[36me[m[24;67H7-24[18;24H[?25h[?25l[4;21H[46m{[15;17H}[m[24;64H1,4-18 [15;18H[?25h[?25l[4;21H{[15;17H}[24;63H28,3-17[12;17H[?25h[?25l[24;64H5[9;17H[?25h[?25l[24;64H2[6;17H[?25h[?25l[1;23r[1;1H[3L[1;24r[1;9H[1m[32mint[m calculate([1m[32mint[m number)[2;9H{[3;17H[1m[33mif[m (number == [1m[35m1[m){[24;63H[K[24;63H19,4-18[7C36%[3;33H[46m{[6;17H}[?25h[?25l[1;23r[m[1;1H[3L[1;24r[1;9H}[3;9H[1m[36m//use recursive function to do the calculate[m[24;63H[K[24;63H16,10-24      27%[6;33H{[9;17H}[6;24H[?25h[?25l[1;23r[1;1H[3L[1;24r[1;9H[1m[32mvoid[m title([1m[32mvoid[m)[2;9H{[3;17Hcout << [1m[35m"Please enter a postive integer:"[m ;[24;63H[K[24;63H13,17-24      19%[6;24H[?25h[?25l[1;23r[1;1H[3L[1;24r[2;1H[1m[32mclass[m Collatz{
[1m[33mpublic[m:[24;63H[K[24;63H10,10-24      11%[6;24H[?25h[?25l[1;23r[1;1H[3L[1;24r[2;1H[1m[34m#include [m[1m[35m<iostream>[m
[1m[33musing[m [1m[32mnamespace[m std;[24;63H[K[24;63H7,8[12C2%[6;8H[?25h[?25l[1;23r[1;1H[L[1;24r[1;1H[1m[36m//a program about Colltaz Sequence[m[24;63H[K[24;63H4,21[9C頂端[4;21H[?25h[?25l[24;63H1,24[1;24H[?25h[?25l[24;63H4,21[4;21H[?25h[?25l[24;63H7,8 [7;8H[?25h[?25l[24;63H10,10-24[10;24H[?25h[?25l[24;64H3,17[13;24H[?25h[?25l[24;64H6,10[16;24H[?25h[?25l[1;23r[23;1H
[1;24r[23;33Hcalculate(number);[24;63H[K[24;63H19,4-18[8C2%[15;33H[46m{[18;17H}[?25h[?25l[1;23r[m[1;1H[3M[1;24r[21;25H}[22;25H[1m[33melse[m{[23;33Hcout << number<<[1m[35m' '[m;[24;63H[K[24;63H22,3-17[7C11%[12;33H{[15;17H}[18;17H[?25h[?25l[1;23r[1;1H[3M[1;24r[21;33Hnumber = number * [1m[35m3[m + [1m[35m1[m;[22;33Hcalculate(number);[23;25H}[24;63H[K[24;63H25,3-17[7C19%[18;17H[?25h[?25l[1;23r[1;1H[3M[1;24r[21;17H}[22;9H}[24;63H[K[24;63H28,3-17[7C27%[18;17H[?25h[?25l[1;23r[1;1H[3M[1;24r[21;9H[1m[36m//error message[m[22;9H[1m[32mvoid[m warning([1m[32mvoid[m){[23;17Hcout << [1m[35m"The number can't be 0 or negative number "[m << endl;[24;63H[K[24;63H31,4-18[7C36%[7;21H[46m{[18;17H}[?25h[?25l[1;23r[m[1;1H[3M[1;24r[21;9H}
};[24;63H[K[24;63H34,17-24      44%[4;21H{[15;17H}[18;24H[?25h[?25l[1;23r[1;1H[3M[1;24r[21;1H[1m[32mint[m main([1m[32mvoid[m)
{[23;9HCollatz collatz;[24;63H[K[24;63H37,3-10[7C52%[16;27H[46m{[18;9H}[?25h[?25l[1;23r[m[1;1H[3M[1;24r[21;9H[1m[32mint[m number = [1m[35m0[m;[23;9Hcollatz.title();[24;63H[K[24;63H40,15[9C61%[13;27H{[15;9H}[18;9H[46m([4C)[?25h[?25l[1;23r[m[1;1H[3M[1;24r[21;9Hcin >> number;[23;9H[1m[36m//detect error[m[24;63H[K[24;63H43,17-24      69%[15;9H([4C)[18;24H[1;23r[1;1H[3M[1;24r[21;9H[1m[33mwhile[m (number <= [1m[35m0[m){[22;17Hcollatz.warning();[23;17Hcollatz.title();[24;63H[K[24;63H46,16-23      77%[18;23H[?25h[?25l[1;23r[1;1H[3M[1;24r[21;17Hcin >> number;[22;9H}[24;63H[K[24;63H49,17-24      86%[18;24H[?25h[?25l[1;23r[1;1H[3M[1;24r[21;9H[1m[36m//call function[m[22;9Hcollatz.calculate(number);[24;63H[K[24;63H52,10-24      94%[18;24H[?25h[?25l[1;23r[1;1H[2M[1;24r[22;9H[1m[33mreturn[m [1m[35m0[m;
}[24;63H[K[24;63H55,17-24     底端[19;24H[?25h[?25l[24;64H2,10[16;24H[?25h[?25l[24;63H49,17[13;24H[?25h[?25l[24;64H6,16-23[10;23H[?25h[?25l[24;64H3,17-24[7;24H[?25h[?25l[1;23r[1;1H[2L[1;24r[1;9H[1m[32mvoid[m warning([1m[32mvoid[m){[2;17Hcout << [1m[35m"The number can't be 0 or negative number "[m << endl;[24;63H[K[24;63H40,15[9C94%[6;9H[46m([4C)[?25h[?25l[1;23r[m[1;1H[3L[1;24r[1;9H}[3;9H[1m[36m//error message[m[24;63H[K[24;63H37,3-10[7C86%[4;27H[46m{[6;9H}[m[9;9H([4C)[6;10H[?25h[?25l[1;23r[1;1H[3L[1;24r[1;33Hcalculate(number);[2;25H}[3;17H}[24;63H[K[24;63H34,17-24      77%[7;27H{[9;9H}[6;24H[?25h[?25l[1;23r[1;1H[6L[1;24r[1;33Hnumber /= [1m[35m2[m;[2;33Hcalculate(number);[3;25H}[4;25H[1m[33melse[m{[5;33Hcout << number<<[1m[35m' '[m;[6;33Hnumber = number * [1m[35m3[m + [1m[35m1[m;[24;63H[K[24;63H28,3-17[7C61%[6;17H[?25h[?25l[1;23r[1;1H[3L[1;24r[1;17H[1m[33melse[m{[2;25H[1m[33mif[m (number % [1m[35m2[m == [1m[35m0[m){[3;33Hcout << number<<[1m[35m' '[m;[24;63H[K[24;63H25,3-17[7C52%[6;17H[1;23r[1;1H[3L[1;24r[1;25Hcout << number << [1m[35m"[m[1m[31m\n[m[1m[35mEnd the program"[m << endl;[2;25H[1m[33mreturn[m [1m[35m0[m;[3;17H}[24;63H[K[24;63H22,3-17[7C44%[6;17H[?25h[?25l[1;23r[1;1H[3L[1;24r[1;9H[1m[32mint[m calculate([1m[32mint[m number)[2;9H{[3;17H[1m[33mif[m (number == [1m[35m1[m){[24;63H[K[24;63H19,4-18[7C36%[3;33H[46m{[6;17H}[1;23r[m[1;1H[3L[1;24r[1;9H}[3;9H[1m[36m//use recursive function to do the calculate[m[24;63H[K[24;63H16,10-24      27%[6;33H{[9;17H}[6;24H[?25h[?25l[1;23r[1;1H[3L[1;24r[1;9H[1m[32mvoid[m title([1m[32mvoid[m)[2;9H{[3;17Hcout << [1m[35m"Please enter a postive integer:"[m ;[24;63H[K[24;63H13,17-24      19%[6;24H[1;23r[1;1H[3L[1;24r[2;1H[1m[32mclass[m Collatz{
[1m[33mpublic[m:[24;63H[K[24;63H10,10-24      11%[6;24H[1;23r[1;1H[3L[1;24r[2;1H[1m[34m#include [m[1m[35m<iostream>[m
[1m[33musing[m [1m[32mnamespace[m std;[24;63H[K[24;63H7,8[12C2%[6;8H[?25h[?25l[1;23r[1;1H[L[1;24r[1;1H[1m[36m//a program about Colltaz Sequence[m[24;63H[K[24;63H4,21[9C頂端[4;21H[?25h[?25l[24;63H1,24[1;24H[?25h[?25l[24;63H4,21[4;21H[?25h[?25l[24;63H7,8 [7;8H[?25h[?25l[24;63H10,10-24[10;24H[?25h[?25l[24;63H7,8     [7;8H[?25h[?25l[24;63H4,21[4;21H[?25h[?25l[24;63H7,8 [7;8H[?25h[?25l[8;23r[8;1H[L[1;24r[24;63H[K[24;63H8,2-9[8C頂端[8;9H[?25h[?25l/[24;65H3-10[8;10H[?25h[?25l[1m[36m//[m[24;65H4-11[8;11H[?25h[?25l[1m[36ma[m[24;65H5-12[8;12H[?25h[?25l[1m[36ms[m[24;65H6-13[8;13H[?25h[?25l[1m[36mk[m[24;65H7-14[8;14H[?25h[?25l[1m[36m [m[24;65H8-15[8;15H[?25h[?25l[1m[36mu[m[24;65H9-16[8;16H[?25h[?25l[1m[36ms[m[24;65H10-17[8;17H[?25h[?25l[1m[36me[m[24;66H1-18[8;18H[?25h[?25l[1m[36mr[m[24;66H2-19[8;19H[?25h[?25l[1m[36m [m[24;66H3-20[8;20H[?25h[?25l[1m[36mt[m[24;66H4-21[8;21H[?25h[?25l[1m[36mo[m[24;66H5-22[8;22H[?25h[?25l[1m[36m [m[24;66H6-23[8;23H[?25h[?25l[1m[36me[m[24;66H7-24[8;24H[?25h[?25l[1m[36mn[m[24;66H8-25[8;25H[?25h[?25l[1m[36mt[m[24;66H9-26[8;26H[?25h[?25l[1m[36me[m[24;65H20-27[8;27H[?25h[?25l[1m[36mr[m[24;66H1-28[8;28H[?25h[?25l[1m[36m [m[24;66H2-29[8;29H[?25h[?25l[1m[36ma[m[24;66H3-30[8;30H[?25h[?25l[1m[36m [m[24;66H4-31[8;31H[?25h[?25l[1m[36mp[m[24;66H5-32[8;32H[?25h[?25l[1m[36mo[m[24;66H6-33[8;33H[?25h[?25l[1m[36ms[m[24;66H7-34[8;34H[?25h[?25l[1m[36mt[m[24;66H8-35[8;35H[?25h[?25l[1m[36mi[m[24;66H9-36[8;36H[?25h[?25l[1m[36mv[m[24;65H30-37[8;37H[?25h[?25l[1m[36me[m[24;66H1-38[8;38H[?25h[?25l[1m[36m [m[24;66H2-39[8;39H[?25h[?25l[1m[36mn[m[24;66H3-40[8;40H[?25h[?25l[1m[36mu[m[24;66H4-41[8;41H[?25h[?25l[1m[36mm[m[24;66H5-42[8;42H[?25h[?25l[1m[36mb[m[24;66H6-43[8;43H[?25h[?25l[1m[36me[m[24;66H7-44[8;44H[?25h[?25l[1m[36mr[m[24;66H8-45[8;45H[?25h[?25l[24;63H11,31-45[11;45H[?25h[?25l[24;64H4,38[14;45H[?25h[?25l[17;33H[46m{[20;17H}[m[24;64H7,20-34[17;34H[?25h[?25l[1;23r[1;1H[2M[1;24r[22;33Hnumber /= [1m[35m2[m;[23;33Hcalculate(number);[24;63H[K[24;63H20,4-18[8C5%[18;18H[?25h[?25l[1;23r[1;1H[3M[1;24r[21;25H}[22;25H[1m[33melse[m{[23;33Hcout << number<<[1m[35m' '[m;[24;63H[K[24;63H23,17-45      13%[12;33H{[15;17H}[18;45H[?25h[?25l[1;23r[1;1H[3M[1;24r[21;33Hnumber = number * [1m[35m3[m + [1m[35m1[m;[22;33Hcalculate(number);[23;25H}[24;63H[K[24;63H26,5-26[7C21%[14;45H[46m{[18;25H}[?25h[?25l[1;23r[m[1;1H[3M[1;24r[21;17H}[22;9H}[24;63H[K[24;63H29,17-45      29%[11;45H{[15;25H}[18;45H[?25h[?25l[1;23r[1;1H[3M[1;24r[21;9H[1m[36m//error message[m[22;9H[1m[32mvoid[m warning([1m[32mvoid[m){[23;17Hcout << [1m[35m"The number can't be 0 or negative number "[m << endl;[24;63H[K[24;63H32,4-18[7C37%[7;21H[46m{[18;17H}[?25h[?25l[1;23r[m[1;1H[3M[1;24r[21;9H}
};[24;63H[K[24;63H35,17-24      45%[4;21H{[15;17H}[18;24H[?25h[?25l[1;23r[1;1H[3M[1;24r[21;1H[1m[32mint[m main([1m[32mvoid[m)
{[23;9HCollatz collatz;[24;63H[K[24;63H38,3-10[7C54%[16;27H[46m{[18;9H}[?25h[?25l[1;23r[m[1;1H[3M[1;24r[21;9H[1m[32mint[m number = [1m[35m0[m;[23;9Hcollatz.title();[24;63H[K[24;63H41,15[9C62%[13;27H{[15;9H}[18;9H[46m([4C)[1;23r[m[1;1H[3M[1;24r[21;9Hcin >> number;[23;9H[1m[36m//detect error[m[24;63H[K[24;63H44,17-24      70%[15;9H([4C)[18;24H[?25h[?25l[1;23r[1;1H[3M[1;24r[21;9H[1m[33mwhile[m (number <= [1m[35m0[m){[22;17Hcollatz.warning();[23;17Hcollatz.title();[24;63H[K[24;63H47,16-23      78%[18;23H[?25h[?25l[1;23r[1;1H[3M[1;24r[21;17Hcin >> number;[22;9H}[24;63H[K[24;63H50,22-29      86%[18;28H[46m{[22;9H}[18;29H[?25h[?25l[1;23r[m[1;1H[3M[1;24r[21;9H[1m[36m//call function[m[22;9Hcollatz.calculate(number);[24;63H[K[24;63H53,17-31      94%[15;28H{[19;9H}[18;31H[?25h[?25l[1;23r[1;1H[2M[1;24r[22;9H[1m[33mreturn[m [1m[35m0[m;
}[24;63H[K[24;63H56,17-24     底端[19;24H[?25h[?25l[24;64H9,11-18[22;18H[?25h[?25l[5;1H[46m{[23;1H}[m[24;63H60,2    [23;2H[?25h[?25l[5;1H{[23;1H}[24;63H57,28-35[20;35H[?25h[?25l[24;64H1,21[14;35H[?25h[?25l[24;63H48,1    [11;1H[?25h[?25l[24;64H5,2-9[8;9H[?25h[?25l[1;23r[1;1H[L[1;24r[1;17Hcout << [1m[35m"The number can't be 0 or negative number "[m << endl;[24;63H[K[24;63H42,2[10C97%[6;2H[?25h[?25l[1;23r[1;1H[3L[1;24r[2;9H[1m[36m//error message[m[3;9H[1m[32mvoid[m warning([1m[32mvoid[m){[24;63H[K[24;63H39,3[10C89%[6;3H[?25h[?25l[1;23r[1;1H[3L[1;24r[1;25H}[2;17H}[3;9H}[24;63H[K[24;63H36,21-28      81%[6;27H[46m{[8;9H}[6;28H[?25h[?25l[1;23r[m[1;1H[3L[1;24r[1;33Hcout << number<<[1m[35m' '[m;[2;33Hnumber = number * [1m[35m3[m + [1m[35m1[m;[3;33Hcalculate(number);[24;63H[K[24;63H33,3-10[7C72%[9;27H{[11;9H}[6;10H[1;23r[1;1H[3L[1;24r[1;33Hcalculate(number);[2;25H}[3;25H[1m[33melse[m{[24;63H[K[24;63H30,17-45      64%[6;45H[1;23r[1;1H[6L[1;24r[1;25H[1m[33mreturn[m [1m[35m0[m;[2;17H}[3;17H[1m[33melse[m{[4;25H[1m[33mif[m (number % [1m[35m2[m == [1m[35m0[m){[5;33Hcout << number<<[1m[35m' '[m;[6;33Hnumber /= [1m[35m2[m;[24;63H[K[24;63H24,17-45      48%[6;45H[?25h[?25l[1;23r[1;1H[3L[1;24r[1;9H{[2;17H[1m[33mif[m (number == [1m[35m1[m){[3;25Hcout << number << [1m[35m"[m[1m[31m\n[m[1m[35mEnd the program"[m << endl;[24;63H[K[24;63H21,8-22[7C40%[6;21H[46m{[17;17H}[6;22H[?25h[?25l[1;23r[m[1;1H[3L[1;24r[2;9H[1m[36m//use recursive function to do the calculate[m[3;9H[1m[32mint[m calculate([1m[32mint[m number)[24;63H[K[24;63H18,24-45      32%[9;21H{[20;17H}[6;45H[?25h[?25l[1;23r[1;1H[3L[1;24r[1;9H{[2;17Hcout << [1m[35m"Please enter a postive integer:"[m ;[3;9H}[24;63H[K[24;63H15,27-34      24%[6;22H[46m([10C)[?25h[?25l[m[6;22H([10C)[24;64H8,24-45[9;45H[?25h[?25l[12;21H[46m{[23;17H}[m[24;63H21,8-22 [12;22H[?25h[?25l{[18;29H[46m{[22;25H}[m[23;17H}[24;64H7,9-30[18;30H[?25h[?25l[1;23r[1;1H[6M[1;24r[18;9H}[20;9H[1m[36m//error message[m[21;9H[1m[32mvoid[m warning([1m[32mvoid[m){[22;17Hcout << [1m[35m"The number can't be 0 or negative number "[m << endl;[23;9H}[24;63H[K[24;63H33,3-10[7C40%[1;9H[46m{[m[12;29H{[16;25H}[18;9H[46m}[?25h[?25l[1;23r[m[1;1H[3M[1;24r[21;1H};

[1m[32mint[m main([1m[32mvoid[m)[24;63H[K[24;63H36,21-28      48%[15;9H}[18;27H[46m{[20;9H}[18;28H[?25h[?25l[1;23r[m[1;1H[3M[1;24r[21;1H{[22;9HCollatz collatz;[23;9H[1m[32mint[m number = [1m[35m0[m;[24;63H[K[24;63H39,3[10C56%[15;27H{[17;9H}
};[?25h[?25l[1;23r[1;1H[3M[1;24r[22;9Hcollatz.title();[23;9Hcin >> number;[24;63H[K[24;63H42,2[10C64%[18;2H[?25h[?25l[1;23r[1;1H[3M[1;24r[22;9H[1m[36m//detect error[m[23;9H[1m[33mwhile[m (number <= [1m[35m0[m){[24;63H[K[24;63H45,2-9[8C72%[18;9H[1;23r[1;1H[3M[1;24r[21;17Hcollatz.warning();[22;17Hcollatz.title();[23;17Hcin >> number;[24;63H[K[24;63H48,1[10C81%[18;1H[?25h[?25l[1;23r[1;1H[6M[1;24r[18;9H}[20;9H[1m[36m//call function[m[21;9Hcollatz.calculate(number);[23;9H[1m[33mreturn[m [1m[35m0[m;[24;63H[K[24;63H54,3-10[7C97%[14;28H[46m{[18;9H}[?25h[?25l[1;23r[m[23;1H
[1;24r[23;1H}[24;63H[K[24;63H57,28-35     底端[13;28H{[17;9H}[20;35H[?25h[?25l[5;1H[46m{[23;1H}[m[24;63H60,2    [23;2H[?25h[?25l[5;1H{[23;1H}[24;63H57,28-35[20;35H[?25h[?25l[13;28H[46m{[17;9H}[m[24;64H4,3-10 [17;10H[?25h[?25l[13;28H{[17;9H}[24;64H1,21-35[14;35H[?25h[?25l[13;28H[46m{[17;9H}[m[24;64H4,3-10 [17;10H[?25h[?25l[13;28H{[17;9H}[24;64H7,28-35[20;35H[?25h[?25l[5;1H[46m{[23;1H}[m[24;63H60,2    [23;2H[?25h[?25l[5;1H{[23;1H}[24;63H57,28-35[20;35H[?25h[?25l[24;64H6,17-24[19;24H[?25h[?25l[1m[36m [m[24;67H8-25[19;25H[?25h[?25l[1m[36mt[m[24;67H9-26[19;26H[?25h[?25l[1m[36mo[m[24;66H20-27[19;27H[?25h[?25l[1m[36m [m[24;67H1-28[19;28H[?25h[?25l[1m[36mc[m[24;67H2-29[19;29H[?25h[?25l[1m[36ma[m[24;67H3-30[19;30H[?25h[?25l[1m[36ml[m[24;67H4-31[19;31H[?25h[?25l[1m[36mc[m[24;67H5-32[19;32H[?25h[?25l[1m[36mu[m[24;67H6-33[19;33H[?25h[?25l[1m[36ml[m[24;67H7-34[19;34H[?25h[?25l[1m[36ma[m[24;67H8-35[19;35H[?25h[?25l[1m[36mt[m[24;67H9-36[19;36H[?25h[?25l[1m[36me[m[24;66H30-37[19;37H[?25h[24;1H[K[19;36H[?25l[24;53H^[[19;36H[24;53H  [19;37H[24;63H56,29-36     底端[19;36H[?25h[?25l[24;53H:[19;36H[24;53H[K[24;1H:[?2004h[?25hw[?25l[?25hq[?25l[?25h
[?25l[?2004l"lab1.cpp" 60L, 944C 已寫入


[?2004l[?1l>[?25h[?1049l]0;~/lab1

[32muser@DESKTOP-GRPQ3EU [33m~/lab1[0m

$ cat lab1.script
]0;~/lab1

[32muser@DESKTOP-GRPQ3EU [33m~/lab1[0m

$ c[Kg++ lab1.cpp
]0;~/lab1

[32muser@DESKTOP-GRPQ3EU [33m~/lab1[0m

$ g++ -o lab1 lab1.cpp
]0;~/lab1

[32muser@DESKTOP-GRPQ3EU [33m~/lab1[0m

$ cat lab1.script
]0;~/lab1

[32muser@DESKTOP-GRPQ3EU [33m~/lab1[0m

$ ./lab1
Please enter a postive integer:0
The number can't be 0 or negative number 
Please enter a postive integer:-3
The number can't be 0 or negative number 
Please enter a postive integer:332
332 166 83 250 125 376 188 94 47 142 71 214 107 322 161 484 242 121 364 182 91 274 137 412 206 103 310 155 466 233 700 350 175 526 263 790 395 1186 593 1780 890 445 1336 668 334 167 502 251 754 377 1132 566 283 850 425 1276 638 319 958 479 1438 719 2158 1079 3238 1619 4858 2429 7288 3644 1822 911 2734 1367 4102 2051 6154 3077 9232 4616 2308 1154 577 1732 866 433 1300 650 325 976 488 244 122 61 184 92 46 23 70 35 106 53 160 80 40 20 10 5 16 8 4 2 1
End the program
]0;~/lab1

[32muser@DESKTOP-GRPQ3EU [33m~/lab1[0m

$ ad[K[Kgit add lab1.cpp
]0;~/lab1

[32muser@DESKTOP-GRPQ3EU [33m~/lab1[0m

$ git add [K[K[K[K[K[K[K[Kgit add lab1.script
]0;~/lab1

[32muser@DESKTOP-GRPQ3EU [33m~/lab1[0m

$ git status
On branch master
Your branch is up to date with 'origin/master'.

Changes to be committed:
  (use "git reset HEAD <file>..." to unstage)

	[32mmodified:   lab1.cpp[m
	[32mmodified:   lab1.script[m

Changes not staged for commit:
  (use "git add/rm <file>..." to update what will be committed)
  (use "git checkout -- <file>..." to discard changes in working directory)

	[31mdeleted:    c++lab1.cpp[m

]0;~/lab1

[32muser@DESKTOP-GRPQ3EU [33m~/lab1[0m

$ git commit
hint: Waiting for your editor to close the file... [?2004h[?1049h[?1h=[?2004h[1;24r[?12h[?12l[27m[23m[29m[m[H[2J[?25l[24;1H"~/lab1/.git/COMMIT_EDITMSG" 14L, 348C[2;1H# Please enter the commit message for your changes. Lines starting
# with '#' will be ignored, and an empty message aborts the commit.
#
# On branch master
# Your branch is up to date with 'origin/master'.
#
# Changes to be committed:
#[7Cmodified:   lab1.cpp
#[7Cmodified:   lab1.script
#
# Changes not staged for commit:
#[7Cdeleted:    c++lab1.cpp
#
[1m[34m~                                                                               [16;1H~                                                                               [17;1H~                                                                               [18;1H~                                                                               [19;1H~                                                                               [20;1H~                                                                               [21;1H~                                                                               [22;1H~                                                                               [23;1H~                                                                               [1;1H[?25h[?25l[m[24;1H[1m-- INSERT --[m[24;13H[K[1;1H[?25h[?25lt[?25h[?25l [?25h[?25l[?25h[?25l[1;1H[K[1;1H[?25h[?25lg[?25h[?25li[?25h[?25lt[?25h[?25l [?25h[?25lf[?25h[?25lo[?25h[?25lr[?25h[?25lt[?25h[?25lh[?25h[?25l [?25h[?25lc[?25h[?25lo[?25h[?25lm[?25h[?25lm[?25h[?25lu[?25h[?25lr[?25h[?25l[1;16H[K[1;16H[?25h[?25lt[?25h[?25l [?25h[?25l[2;23r[2;1H[L[1;24r[2;1H[?25h[?25l[3;23r[3;1H[L[1;24r[3;1H[?25h[?25lu[?25h[?25lp[?25h[?25ll[?25h[?25lo[?25h[?25la[?25h[?25ld[?25h[?25l [?25h[?25la[?25h[?25l [?25h[?25ln[?25h[?25le[?25h[?25lm[?25h[?25l[3;12H[K[3;12H[?25h[?25lw[?25h[?25l [?25h[?25ls[?25h[?25lc[?25h[?25lr[?25h[?25li[?25h[?25lp[?25h[?25lt[?25h[?25l[4;23r[4;1H[L[1;24r[4;1H[?25h[24;1H[K[4;1H[?25l[?25h[?25l[24;1H:[?2004h[?25hwq
[?25l[?2004l".git/COMMIT_EDITMSG" 17L, 387C written


[?2004l[?1l>[?25h[?1049l
[K[master 4a287be] git forth commut
 2 files changed, 3 insertions(+), 26 deletions(-)
 rewrite lab1.script (100%)
]0;~/lab1

[32muser@DESKTOP-GRPQ3EU [33m~/lab1[0m

$ exit

命令稿已於 2018年03月12日 上午 11:05:37
 完成
